## /projects/cubit/Cubit-16.16/bin/clarox
## Cubit Version 16.16.1
## Cubit Build fb86a66
## Revised Tue Apr 23 14:22:45 2024 -0600
## Running 06/12/2024 12:43:41 PM
## Command Options:
import mesh "/ceeGPFS/fgs/bwclark/plato_move_krino_to_pe/plato/platoanalyze/spack-build-uc6pk4l/integration_tests/analyze/functional/CompMin3D_Krino_bracket/cut.exo" no_geom
reset
import mesh "/ceeGPFS/fgs/bwclark/plato_move_krino_to_pe/plato/platoanalyze/spack-build-uc6pk4l/integration_tests/analyze/functional/CompMin3D_Krino_bracket/cut.exo" no_geom
reset
import mesh "/ceeGPFS/fgs/bwclark/plato_move_krino_to_pe/plato/platoanalyze/spack-build-uc6pk4l/integration_tests/analyze/functional/CompMin3D_Krino_bracket_save/to-result.exo" no_geom
reset
import mesh "/ceeGPFS/fgs/bwclark/plato_move_krino_to_pe/plato/platoanalyze/spack-build-uc6pk4l/integration_tests/analyze/functional/CompMin3D_Krino_bracket_save/output.exo" no_geom
reset
import mesh "/ceeGPFS/fgs/bwclark/plato_move_krino_to_pe/plato/platoanalyze/spack-build-uc6pk4l/integration_tests/analyze/functional/CompMin3D_Krino_bracket_save/cut.exo" no_geom
